Invalid
Invalid
Invalid
Invalid
978-0-346-59823-2	syllabic	JefferyHill	denizen|bianco	323.72	19
978-0-641-43198-2	not	MckenzieWhite	Syria|tulle|frigate|hiatus	359.46	0
978-0-88211-570-2	category	AmandaDean	frigate|hiatus|Syria	311.12	0
978-1-261-59338-8	Methuselah	RavenHancock	hiatus|grandniece|incessant|tulle|Syria	250.79	0
978-1-4693-2357-2	poultry	RavenHancock	bianco	342.19	9
978-1-57076-066-2	profile	MckenzieWhite	Syria|bianco	245.51	1
978-1-59466-314-7	framework	MckenzieWhite	hiatus|purslane	77.27	0
978-1-972437-83-4	Algenib	TiffanyBrown	Syria|purslane|denizen	141.68	30
Finance Report
==============================
Total Income: 569.23
Total Expenditure: 7074.48
Net Profit: -6505.25
==============================
End of Report
Employee Work Report
==============================
Total Transactions Handled: 9
==============================
End of Report
System Logs
==============================
Transaction ID: 1
Total Cost: 1860.11
Transaction Type: Purchase
==============================
Transaction ID: 2
Total Cost: 334.11
Transaction Type: Purchase
==============================
Transaction ID: 3
Total Cost: 132.62
Transaction Type: Purchase
==============================
Transaction ID: 4
Total Cost: 245.94
Transaction Type: Purchase
==============================
Transaction ID: 5
Total Cost: 3462.03
Transaction Type: Purchase
==============================
Transaction ID: 6
Total Cost: 71.08
Transaction Type: Purchase
==============================
Transaction ID: 7
Total Cost: 245.51
Transaction Type: Sale
==============================
Transaction ID: 8
Total Cost: 968.59
Transaction Type: Purchase
==============================
Transaction ID: 9
Total Cost: 323.72
Transaction Type: Sale
==============================
End of Logs
